// Jest Snapshot v1, https://goo.gl/fbAQLP

exports[`readConfig read config from package.json 1`] = `
Object {
  "android": Object {
    "_content": "platform config content from package.json",
  },
}
`;

exports[`readConfig read config from pixels-catcher.json 1`] = `
Object {
  "ios": Object {
    "_content": "platform config content from pixels-catcher.json",
  },
}
`;
