// Jest Snapshot v1, https://goo.gl/fbAQLP

exports[`Snapshot component register component and start snapshots: registerComponent 1`] = `
Array [
  Array [
    "appName",
    [Function],
  ],
]
`;

exports[`Snapshot component register component with custom IP and start snapshots: registerComponent 1`] = `
Array [
  Array [
    "appName",
    [Function],
  ],
]
`;
